2026-10-05T15:54:54.346346+00:00 Tier-2 run 20261005_cfo_retry_final started; scenario_count=10
2026-10-05T15:54:54.347520+00:00 generator_import_audit={"audit_pass": true, "direct_imports": ["__future__", "argparse", "hashlib", "json", "komm", "math", "numpy", "pathlib", "platform", "scipy.io", "typing"], "forbidden_imports": [], "generator_file": "tools\\tier2\\generate_signals.py", "scope": "static AST audit of independent generator only; analyzer imports are expected in runner"}
2026-10-05T15:54:54.356517+00:00 T2-01 generation started
2026-10-05T15:54:54.378662+00:00 T2-01 Analyzer.analyze_file started with keys=['crc_present', 'iq_config', 'run_fec', 'samples_per_symbol']
2026-10-05T15:54:55.253589+00:00 T2-01 complete status=PASS analyzer_status=complete elapsed_seconds=0.858
2026-10-05T15:54:55.254587+00:00 T2-02 generation started
2026-10-05T15:54:55.278588+00:00 T2-02 Analyzer.analyze_file started with keys=['crc_present', 'iq_config', 'run_fec', 'samples_per_symbol']
2026-10-05T15:54:55.650803+00:00 T2-02 complete status=PASS analyzer_status=complete elapsed_seconds=0.352
2026-10-05T15:54:55.651883+00:00 T2-03 generation started
2026-10-05T15:54:55.684421+00:00 T2-03 Analyzer.analyze_file started with keys=['crc_present', 'iq_config', 'run_fec', 'samples_per_symbol']
2026-10-05T15:54:56.036090+00:00 T2-03 complete status=PASS analyzer_status=complete elapsed_seconds=0.337
2026-10-05T15:54:56.036090+00:00 T2-04 generation started
2026-10-05T15:54:57.250520+00:00 T2-04 Analyzer.analyze_file started with keys=['crc_present', 'iq_config', 'run_fec', 'samples_per_symbol']
2026-10-05T15:54:57.632370+00:00 T2-04 complete status=REJECTED analyzer_status=rejected elapsed_seconds=0.216
2026-10-05T15:54:57.632370+00:00 T2-05 generation started
2026-10-05T15:54:57.649376+00:00 T2-05 Analyzer.analyze_file started with keys=['crc_present', 'run_fec', 'samples_per_symbol', 'treat_stereo_as_iq']
2026-10-05T15:54:57.703791+00:00 T2-05 complete status=PARTIAL analyzer_status=partial elapsed_seconds=0.034
2026-10-05T15:54:57.704792+00:00 T2-06 generation started
2026-10-05T15:54:57.723087+00:00 T2-06 Analyzer.analyze_file started with keys=['crc_present', 'iq_config', 'run_fec', 'samples_per_symbol', 'tone_frequencies_hz']
2026-10-05T15:54:57.872047+00:00 T2-06 complete status=PASS analyzer_status=complete elapsed_seconds=0.116
2026-10-05T15:54:57.872047+00:00 T2-07 generation started
2026-10-05T15:54:58.796419+00:00 T2-07 Analyzer.analyze_file started with keys=['crc_present', 'iq_config', 'run_fec', 'samples_per_symbol']
2026-10-05T15:55:45.740789+00:00 T2-07 complete status=PASS analyzer_status=complete elapsed_seconds=46.542
2026-10-05T15:55:45.740789+00:00 T2-08 generation started
2026-10-05T15:55:45.780778+00:00 T2-08 Analyzer.analyze_file started with keys=['crc_present', 'iq_config', 'run_fec', 'samples_per_symbol']
2026-10-05T15:55:47.102850+00:00 T2-08 complete status=PASS analyzer_status=complete elapsed_seconds=1.292
2026-10-05T15:55:47.102850+00:00 T2-09 generation started
2026-10-05T15:55:47.125041+00:00 T2-09 Analyzer.analyze_file started with keys=['crc_present', 'iq_config', 'run_fec']
2026-10-05T15:55:47.150005+00:00 T2-09 complete status=OOD_PASS analyzer_status=rejected elapsed_seconds=0.009
2026-10-05T15:55:47.150694+00:00 T2-10 generation started
2026-10-05T15:55:47.163797+00:00 T2-10 Analyzer.analyze_file started with keys=['crc_present', 'iq_config', 'run_fec']
2026-10-05T15:55:47.184050+00:00 T2-10 complete status=OOD_PASS analyzer_status=rejected elapsed_seconds=0.005
2026-10-05T15:55:47.187248+00:00 Tier-2 run finished scenarios=10
